C166 COMPILER V7.53.0.0, AIO                                                               07/29/2021 09:17:58 PAGE 1   


C166 COMPILER V7.53.0.0, COMPILATION OF MODULE AIO
OBJECT MODULE PLACED IN .\obj\AIO.obj
COMPILER INVOKED BY: D:\Program Files (x86)\Keil4\C166\BIN\C166.EXE Hardward File\AIO.c MODV2 BROWSE INCDIR(.\Hardward F
                    -ile;.\User_App) MODV2 DEBUG PRINT(.\list\AIO.lst) OBJECT(.\obj\AIO.obj) 

 stmt lvl     source

    1         #include "MAIN.H"
    2         
    3         
    4         #define Channel1     0
    5         #define Channel2     1
    6         #define Channel3     2
    7         #define Channel4     3
    8         #define Channel5     4
    9         #define Channel6     5
   10         #define Channel7     6
   11         #define Channel8     7
   12         
   13         
   14         /************************ADC处理************************************************************/
   15         uword SPICommunicate(uword SPIdata)
   16         {
   17  1              uword Rdata = 0;
   18  1              while(!SPItransismit);
   19  1              SPItransismit = 0;
   20  1              U2C0_SSC_vSendData(SPIdata);    
   21  1      
   22  1              Rdata = U2C0_SSC_uwGetData();
   23  1      
   24  1              return(Rdata);
   25  1      }
   26         
   27         
   28         void ResetAD()
   29         {
   30  1              CSAD1 = 1;      //IO_vSetPin(CSAD1);                     
   31  1      }
   32         
   33         //片选
   34         void CSAD(ubyte num)
   35         {
   36  1              switch(num)
   37  1              {
   38  2                      case 1:
   39  2                              CSAD1 = 0;
   40  2                              break;
   41  2                      
   42  2                      default:
   43  2                              ResetAD();
   44  2                              break;
   45  2              }       
   46  1      }
   47         
   48         
   49         uword GetADData(uword CMDdata)
   50         {
   51  1              uword ADConvertData = 0;
   52  1              
   53  1              ADConvertData = SPICommunicate(CMDdata); 
   54  1      
C166 COMPILER V7.53.0.0, AIO                                                               07/29/2021 09:17:58 PAGE 2   

   55  1              return(ADConvertData);
   56  1      }
   57         
   58         
   59         uword ADConvert(ubyte ADnum, ubyte channel)
   60         {
   61  1              uword RData1 = 0,RData2 = 0, RData3 = 0;
   62  1              uword ADData = 0;
   63  1              uword ADCommond[] ={ADCHNNEL_0,ADCHNNEL_1,ADCHNNEL_2,ADCHNNEL_3,
   64  1                                                      ADCHNNEL_4,ADCHNNEL_5,ADCHNNEL_6,ADCHNNEL_7,
   65  1                                                      };      
   66  1              ResetAD();      
   67  1              CSAD(ADnum);
   68  1              
   69  1              RData1 = GetADData(ADCommond[channel]); 
   70  1              RData2 = GetADData(0x0000);
   71  1              
   72  1              ADData = ((RData1 << 9)& 0xfe00) +      ((RData2 >> 7) & 0x01ff);        //数据合并
   73  1              
   74  1              ResetAD();
   75  1      
   76  1              return(ADData);
   77  1      }
   78         
   79         //===================================================================================
   80         
   81         unsigned int sample_data[9][10]={0};
   82         
   83         
   84         /*******************************************************************
   85          平滑滤波
   86         ********************************************************************/
   87         unsigned int sample1(unsigned int *p_sample, unsigned int newdata)        
   88         {                                                                                                               
   89  1              unsigned char   i;
   90  1              unsigned long  everage_data=0;
   91  1              unsigned int min=0xffff;
   92  1              unsigned int max=0x0000;
   93  1              unsigned long p_cover=0;
   94  1              unsigned int temp = 0;  
   95  1      
   96  1              for(i=0;i<9;i++) 
   97  1                      p_sample[i]=p_sample[i+1];                      //数组左移一位
   98  1              p_sample[9]=newdata;
   99  1      
  100  1              for(i=0;i<10;i++)
  101  1              {
  102  2                      if(p_sample[i]>max)
  103  2                              max=p_sample[i];
  104  2                      if(p_sample[i]<min)
  105  2                              min=p_sample[i];                
  106  2              
  107  2                      everage_data = everage_data + p_sample[i];
  108  2              }
  109  1              everage_data = everage_data - min-max;
  110  1              everage_data = (unsigned int)(everage_data/8);
  111  1      
  112  1              return(everage_data);   
  113  1      }  
  114         
  115         
  116         //滤波后采样值
C166 COMPILER V7.53.0.0, AIO                                                               07/29/2021 09:17:58 PAGE 3   

  117         uword sample_SingleChannel(ubyte num,ubyte Channel, ubyte Data_channle)
  118         {
  119  1              
  120  1              uword newADdata = 0;
  121  1              ubyte subChannel;
  122  1              uword temp = 0;
  123  1              
  124  1              subChannel = (ubyte)(Channel%8);
  125  1              
  126  1              newADdata = ADConvert(num,subChannel);
  127  1              temp = sample1(sample_data[Data_channle],newADdata);
  128  1      
  129  1              return temp;
  130  1      }
  131         
  132         
  133         void GatAllAD(void)
  134         {
  135  1              AD_Data[0] = sample_SingleChannel(ADNUM1, Channel8, 0);
  136  1              AD_Data[1] = sample_SingleChannel(ADNUM1, Channel7, 1);
  137  1              AD_Data[2] = sample_SingleChannel(ADNUM1, Channel6, 2);
  138  1              AD_Data[3] = sample_SingleChannel(ADNUM1, Channel5, 3);                 
  139  1              AD_Data[4] = sample_SingleChannel(ADNUM1, Channel4, 4);
  140  1              AD_Data[5] = sample_SingleChannel(ADNUM1, Channel3, 5);
  141  1              AD_Data[6] = sample_SingleChannel(ADNUM1, Channel2, 6);
  142  1              AD_Data[7] = sample_SingleChannel(ADNUM1, Channel1, 7);
  143  1      }
  144         
  145         
  146         
  147         
  148         
  149         
  150         
  151         
  152         
  153         
  154         
  155         
  156         
  157         
  158         
  159         
  160         
  161         
  162         
  163         


MODULE INFORMATION:   INITIALIZED  UNINITIALIZED
  CODE SIZE        =         452     --------
  NEAR-CONST SIZE  =          16     --------
  FAR-CONST SIZE   =    --------     --------
  HUGE-CONST SIZE  =    --------     --------
  XHUGE-CONST SIZE =    --------     --------
  NEAR-DATA SIZE   =         181     --------
  FAR-DATA SIZE    =    --------     --------
  XHUGE-DATA SIZE  =    --------     --------
  IDATA-DATA SIZE  =    --------     --------
  SDATA-DATA SIZE  =    --------     --------
  BDATA-DATA SIZE  =    --------     --------
  HUGE-DATA SIZE   =    --------     --------
C166 COMPILER V7.53.0.0, AIO                                                               07/29/2021 09:17:58 PAGE 4   

  BIT SIZE         =    --------     --------
  INIT'L SIZE      =         184     --------
END OF MODULE INFORMATION.


C166 COMPILATION COMPLETE.  0 WARNING(S),  0 ERROR(S)
