C166 COMPILER V7.53.0.0, DELAY                                                             07/29/2021 09:17:57 PAGE 1   


C166 COMPILER V7.53.0.0, COMPILATION OF MODULE DELAY
OBJECT MODULE PLACED IN .\obj\Delay.obj
COMPILER INVOKED BY: D:\Program Files (x86)\Keil4\C166\BIN\C166.EXE Hardward File\Delay.c MODV2 BROWSE INCDIR(.\Hardward
                    - File;.\User_App) MODV2 DEBUG PRINT(.\list\Delay.lst) OBJECT(.\obj\Delay.obj) 

 stmt lvl     source

    1         #include "MAIN.H"
    2         
    3         ubyte OneSecond = 0;    
    4         
    5         void DelayMs(ubyte n)
    6         {
    7  1              ubyte i = 0;
    8  1              
    9  1              for(i = 0; i<n; i++)
   10  1              {
   11  2                      TMsFlag = 0;
   12  2                      GPT1_vStartTmr(GPT1_TIMER_2);
   13  2                      while(!TMsFlag);                        
   14  2              }
   15  1      }
   16         
   17         
   18         void delay(unsigned int n)
   19         {
   20  1              int i, j;
   21  1              for(i = 0; i<10; i++)
   22  1              {
   23  2                      for(j =0; j<n; j++);
   24  2              }
   25  1      }


MODULE INFORMATION:   INITIALIZED  UNINITIALIZED
  CODE SIZE        =          44     --------
  NEAR-CONST SIZE  =    --------     --------
  FAR-CONST SIZE   =    --------     --------
  HUGE-CONST SIZE  =    --------     --------
  XHUGE-CONST SIZE =    --------     --------
  NEAR-DATA SIZE   =           2     --------
  FAR-DATA SIZE    =    --------     --------
  XHUGE-DATA SIZE  =    --------     --------
  IDATA-DATA SIZE  =    --------     --------
  SDATA-DATA SIZE  =    --------     --------
  BDATA-DATA SIZE  =    --------     --------
  HUGE-DATA SIZE   =    --------     --------
  BIT SIZE         =    --------     --------
  INIT'L SIZE      =           6     --------
END OF MODULE INFORMATION.


C166 COMPILATION COMPLETE.  0 WARNING(S),  0 ERROR(S)
